
[1m[46m RUN [49m[22m [36mv4.0.16 [39m[90mC:/Users/wino/max-pdv-test[39m

 [31mΓ¥»[39m src/components/ui/__tests__/Input.test.tsx [2m([22m[2m8 tests[22m[2m | [22m[31m1 failed[39m[2m)[22m[33m 753[2mms[22m[39m
     [32mΓ£ô[39m should render input element[32m 60[2mms[22m[39m
     [33m[2mΓ£ô[22m[39m should handle value changes [33m 484[2mms[22m[39m
     [32mΓ£ô[39m should display controlled value[32m 6[2mms[22m[39m
     [32mΓ£ô[39m should be disabled when disabled prop is true[32m 4[2mms[22m[39m
     [32mΓ£ô[39m should accept different types[32m 16[2mms[22m[39m
     [32mΓ£ô[39m should support className prop[32m 5[2mms[22m[39m
[31m     [31m├ù[31m should handle focus and blur events[39m[32m 10[2mms[22m[39m
     [32mΓ£ô[39m should support maxLength attribute[32m 165[2mms[22m[39m
node.exe : 
No C:\Program Files\no
dejs\npx.ps1:29 
caractere:3
+   & $NODE_EXE 
$NPX_CLI_JS $args
+   ~~~~~~~~~~~~~~~~~~
~~~~~~~~~~~
    + CategoryInfo    
          : NotSpeci  
  fied: (:String) [   
 ], RemoteExceptio    
n
    + FullyQualifiedE 
   rrorId : NativeCo  
  mmandError
 
[31mΓÄ»ΓÄ»ΓÄ»ΓÄ»ΓÄ»ΓÄ
»ΓÄ»[39m[1m[41m 
Failed Tests 1 [49m[
22m[31mΓÄ»ΓÄ»ΓÄ»ΓÄ»ΓÄ
»ΓÄ»ΓÄ»[39m

[41m[1m FAIL 
[22m[49m src/compone
nts/ui/__tests__/Input
.test.tsx[2m > 
[22mInput 
Component[2m > 
[22mshould handle 
focus and blur events
[31m[1mAssertionErro
r[22m: expected 
"vi.fn()" to be 
called 1 times, but 
got 0 times[39m
[36m [2mΓ¥»[22m src
/components/ui/__tests
__/Input.test.tsx:[2m
61:25[22m[39m

[2m Test Files [22m [1m[31m1 failed[39m[22m[90m (1)[39m
[2m      Tests [22m [1m[31m1 failed[39m[22m[2m | [22m[1m[32m7 passed[39m[22m[90m (8)[39m
[2m   Start at [22m 21:09:18
[2m   Duration [22m 4.33s[2m (transform 144ms, setup 503ms, import 751ms, tests 753ms, environment 1.93s)[22m

    [90m 59| [39m   
 
    [90m 60| [39m   
 fireEvent[33m.[39m
[34mfocus[39m(input)
[33m;[39m
    [90m 61| [39m   
 [34mexpect[39m(hand
leFocus)[33m.[39m[3
4mtoHaveBeenCalledTime
s[39m([34m1[39m)[3
3m;[39m
    [90m   | [39m   
                     
[31m^[39m
    [90m 62| [39m   
 
    [90m 63| [39m   
 fireEvent[33m.[39m
[34mblur[39m(input)[
33m;[39m

[31m[2mΓÄ»ΓÄ»ΓÄ»ΓÄ»Γ
Ä»ΓÄ»ΓÄ»ΓÄ»ΓÄ»ΓÄ»ΓÄ»ΓÄ
»ΓÄ»ΓÄ»ΓÄ»ΓÄ»ΓÄ»ΓÄ»ΓÄ»
ΓÄ»ΓÄ»ΓÄ»ΓÄ»ΓÄ»[1/1]ΓÄ
»[22m[39m

